// Jest Snapshot v1, https://goo.gl/fbAQLP

exports[`Should render Edit Expense page 1`] = `
<div
  className="editexpense-section mx-auto my-5"
>
  <h1>
    Edit Expense
  </h1>
  <ExpenseForm
    expense={
      Object {
        "amount": 120,
        "createdAt": 678,
        "description": "fdfdfsd",
        "id": "55",
        "note": "note",
      }
    }
    onSubmit={[Function]}
  />
  <button
    className="link-danger remove-expense"
    onClick={[Function]}
  >
    Remove Expense
  </button>
</div>
`;
