// Jest Snapshot v1, https://goo.gl/fbAQLP

exports[`Should render single expense item 1`] = `
<div
  className="card expense-item mx-auto my-3"
>
  <Link
    to="/edit/1"
  >
    <div
      className="card-body bg-light"
    >
      <h5
        className="card-title bg-light"
      >
        fdfdfsd
      </h5>
      <p
        className="card-text bg-light"
      >
        $1.20
      </p>
    </div>
    <div
      className="card-footer bg-light"
    >
      January 1st, 1970
    </div>
  </Link>
</div>
`;
