// Jest Snapshot v1, https://goo.gl/fbAQLP

exports[`should render list of expenses 1`] = `
<div
  className="m-5"
>
  <Connect(ExpenseListItem)
    id="0"
    key="0"
  />
  <Connect(ExpenseListItem)
    id="1"
    key="1"
  />
</div>
`;

exports[`should render no expenses message 1`] = `
<div
  className="m-5"
>
  <h1
    className="noexpenses m-5"
  >
    No Expenses Yet!
  </h1>
</div>
`;
