// Jest Snapshot v1, https://goo.gl/fbAQLP

exports[`Should render Header component 1`] = `
<nav
  className="navbar home-header mx-auto"
>
  <div
    className="container-fluid my-3"
  >
    <NavLink
      className="navbar-brand"
      to="/"
    >
      Expensify
    </NavLink>
    <button>
      Logout
    </button>
  </div>
  <hr
    className="mx-auto"
  />
</nav>
`;
